---
source: near-sdk-macros/src/core_impl/code_generator/ext.rs
expression: pretty_print_syn_str(&actual).unwrap()
---
#[must_use]
pub struct TestExt {
    pub(crate) account_id: ::near_sdk::AccountId,
    pub(crate) deposit: ::near_sdk::NearToken,
    pub(crate) static_gas: ::near_sdk::Gas,
    pub(crate) gas_weight: ::near_sdk::GasWeight,
}
impl TestExt {
    pub fn with_attached_deposit(mut self, amount: ::near_sdk::NearToken) -> Self {
        self.deposit = amount;
        self
    }
    pub fn with_static_gas(mut self, static_gas: ::near_sdk::Gas) -> Self {
        self.static_gas = static_gas;
        self
    }
    pub fn with_unused_gas_weight(mut self, gas_weight: u64) -> Self {
        self.gas_weight = ::near_sdk::GasWeight(gas_weight);
        self
    }
}
impl Test {
    /// API for calling this contract's functions in a subsequent execution.
    pub fn ext(account_id: ::near_sdk::AccountId) -> TestExt {
        TestExt {
            account_id,
            deposit: ::near_sdk::NearToken::from_near(0),
            static_gas: ::near_sdk::Gas::from_gas(0),
            gas_weight: ::near_sdk::GasWeight::default(),
        }
    }
}

