---
source: near-sdk-macros/src/core_impl/code_generator/item_impl_info.rs
expression: pretty_print_syn_str(&actual).unwrap()
---
#[cfg(target_arch = "wasm32")]
#[unsafe(no_mangle)]
pub extern "C" fn new() {
    ::near_sdk::env::setup_panic_hook();
    if ::near_sdk::env::current_account_id() != ::near_sdk::env::predecessor_account_id()
    {
        ::near_sdk::env::panic_err(::near_sdk::errors::PrivateMethod::new("new"));
    }
    if ::near_sdk::env::attached_deposit().as_yoctonear() != 0 {
        ::near_sdk::env::panic_err(::near_sdk::errors::DepositNotAccepted::new("new"));
    }
    if <Hello as ::near_sdk::state::ContractState>::state_exists() {
        ::near_sdk::env::panic_err(::near_sdk::errors::ContractAlreadyInitialized {
        });
    }
    let contract = Hello::new();
    <Hello as ::near_sdk::state::ContractState>::state_write(&contract);
}
